---
source: tui/src/history_cell.rs
expression: rendered
---
• Ran
  └ a_very_long_toke
        n_without_spaces
        _to_force_wrappi
        ng
