---
source: tui/src/history_cell.rs
assertion_line: 1740
expression: rendered
---
â ‹ Calling search.find_docs({"query":"ratatui styling","limit":3})
