---
source: tui/src/history_cell.rs
assertion_line: 1850
expression: rendered
---
• Called
  └ search.find_docs({"query":"ratatui
        styling","limit":3})
    Found styling guidance in styles.md and
        additional notes in CONTRIBUTING.md.
    link: file:///docs/styles.md
