---
source: tui/src/history_cell.rs
expression: rendered
---
• Ran
  └ first_token_is_long_
        enough_to_wrap
    second_token_is_also
        _long_enough_to_wrap
