---
source: tui/src/chatwidget/tests.rs
assertion_line: 728
expression: terminal.backend()
---
"                                                                                "
"this is a test reason such as one that would be produced by the model           "
"                                                                                "
"▌Allow command?                                                                 "
"▌ Yes   Always   No, provide feedback                                           "
"▌ Approve and run the command                                                   "
"                                                                                "
